Animal	Type
aardvark	mammal
antelope	mammal
bass	fish
bear	mammal
boar	mammal
buffalo	mammal
calf	mammal
carp	fish
catfish	fish
cavy	mammal
cheetah	mammal
chicken	bird
chub	fish
clam	invertebrate
crab	invertebrate
crayfish	fish
crow	bird
deer	mammal
dogfish	fish
dolphin	mammal
dove	bird
duck	bird
elephant	mammal
flamingo	bird
flea	invertebrate
frog	amphibian
frog.1	amphibian
fruitbat	mammal
giraffe	mammal
girl	mammal
gnat	invertebrate
goat	mammal
gorilla	mammal
gull	bird
haddock	fish
hamster	mammal
hare	mammal
hawk	bird
herring	fish
honeybee	invertebrate
housefly	invertebrate
kiwi	bird
ladybird	invertebrate
lark	bird
leopard	mammal
lion	mammal
lobster	invertebrate
lynx	mammal
mink	mammal
mole	mammal
mongoose	mammal
moth	invertebrate
newt	amphibian
octopus	invertebrate
opossum	mammal
oryx	mammal
ostrich	bird
parakeet	bird
penguin	bird
pheasant	bird
pike	fish
piranha	fish
pitviper	reptile
platypus	mammal
polecat	mammal
pony	mammal
porpoise	mammal
puma	mammal
pussycat	mammal
raccoon	mammal
reindeer	mammal
rhea	bird
scorpion	invertebrate
seahorse	fish
seal	mammal
sealion	mammal
seasnake	reptile
seawasp	invertebrate
skimmer	bird
skua	bird
slowworm	reptile
slug	invertebrate
sole	fish
sparrow	bird
squirrel	mammal
starfish	invertebrate
stingray	fish
swan	bird
termite	invertebrate
toad	amphibian
tortoise	reptile
tuatara	reptile
tuna	fish
vampire	mammal
vole	mammal
vulture	bird
wallaby	mammal
wasp	invertebrate
wolf	mammal
worm	invertebrate
wren	bird
